// Jest Snapshot v1, https://goo.gl/fbAQLP

exports[`renders correctly 1`] = `
<button
  className="sc-bcXHqe hMpuZe btn-clear"
  onClick={[Function]}
  type="button"
>
  AC
</button>
`;
